let%expect_test "short quoted string" =
  print_string "foo\nbar\n";
  [%expect " \n foo\n bar\n "]
;;

let%expect_test "long quoted string" =
  print_string
    {|
    XXXXXXXXXXXXXXXXXXXXXXXXXXXXXXXXXXXXXXXX
    XXXXXXXXXXXXXXXXXXXXXXXXXXXXXXXXXXXXXXXX XXXXXXXXXXXXXXXXXXXXXXXXXXXXXXXXXXXXXXXX
    XXXXXXXXXXXXXXXXXXXXXXXXXXXXXXXXXXXXXXXX
    XXXXXXXXXXXXXXXXXXXXXXXXXXXXXXXXXXXXXXXX XXXXXXXXXXXXXXXXXXXXXXXXXXXXXXXXXXXXXXXX XXXXXXXXXXXXXXXXXXXXXXXXXXXXXXXXXXXXXXXX
    XXXXXXXXXXXXXXXXXXXX XXXXXXXXXXXXXXXXXXX
    |};
  [%expect
    " \n\
    \ XXXXXXXXXXXXXXXXXXXXXXXXXXXXXXXXXXXXXXXX\n\
    \ XXXXXXXXXXXXXXXXXXXXXXXXXXXXXXXXXXXXXXXX XXXXXXXXXXXXXXXXXXXXXXXXXXXXXXXXXXXXXXXX\n\
    \ XXXXXXXXXXXXXXXXXXXXXXXXXXXXXXXXXXXXXXXX\n\
    \ XXXXXXXXXXXXXXXXXXXXXXXXXXXXXXXXXXXXXXXX XXXXXXXXXXXXXXXXXXXXXXXXXXXXXXXXXXXXXXXX \
     XXXXXXXXXXXXXXXXXXXXXXXXXXXXXXXXXXXXXXXX\n\
    \ XXXXXXXXXXXXXXXXXXXX XXXXXXXXXXXXXXXXXXX\n\
    \ "]
;;

let%expect_test "quoted strings with leading spaces" =
  print_string
    {|
    live
      long
        and
    prosper
    |};
  [%expect " \n live\n   long\n     and\n prosper\n "];
  print_string
    {|
    live
      loooooooooooooooooooooooooooooooooooooooooooooooooooooooooooong
        and
    prosper
    |};
  [%expect
    " \n\
    \ live\n\
    \   loooooooooooooooooooooooooooooooooooooooooooooooooooooooooooong\n\
    \     and\n\
    \ prosper\n\
    \ "]
;;
